------------------------------------------------------------
Timing Analyzer Summary
------------------------------------------------------------

Type  : Slow 1200mV 85C Model Setup 'u0|vga_text_mode_controller_0|clk_controller|altpll_component|auto_generated|pll1|clk[0]'
Slack : -20.796
TNS   : -243.904

Type  : Slow 1200mV 85C Model Setup 'MAX10_CLK1_50'
Slack : -8.986
TNS   : -281.114

Type  : Slow 1200mV 85C Model Setup 'u0|sdram_pll|sd1|pll7|clk[0]'
Slack : 9.280
TNS   : 0.000

Type  : Slow 1200mV 85C Model Setup 'altera_reserved_tck'
Slack : 42.566
TNS   : 0.000

Type  : Slow 1200mV 85C Model Hold 'MAX10_CLK1_50'
Slack : 0.214
TNS   : 0.000

Type  : Slow 1200mV 85C Model Hold 'altera_reserved_tck'
Slack : 0.293
TNS   : 0.000

Type  : Slow 1200mV 85C Model Hold 'u0|sdram_pll|sd1|pll7|clk[0]'
Slack : 0.341
TNS   : 0.000

Type  : Slow 1200mV 85C Model Hold 'u0|vga_text_mode_controller_0|clk_controller|altpll_component|auto_generated|pll1|clk[0]'
Slack : 1.428
TNS   : 0.000

Type  : Slow 1200mV 85C Model Recovery 'u0|vga_text_mode_controller_0|clk_controller|altpll_component|auto_generated|pll1|clk[0]'
Slack : -7.716
TNS   : -182.648

Type  : Slow 1200mV 85C Model Recovery 'u0|sdram_pll|sd1|pll7|clk[0]'
Slack : 14.035
TNS   : 0.000

Type  : Slow 1200mV 85C Model Recovery 'MAX10_CLK1_50'
Slack : 15.900
TNS   : 0.000

Type  : Slow 1200mV 85C Model Recovery 'altera_reserved_tck'
Slack : 48.020
TNS   : 0.000

Type  : Slow 1200mV 85C Model Removal 'altera_reserved_tck'
Slack : 0.870
TNS   : 0.000

Type  : Slow 1200mV 85C Model Removal 'MAX10_CLK1_50'
Slack : 2.625
TNS   : 0.000

Type  : Slow 1200mV 85C Model Removal 'u0|sdram_pll|sd1|pll7|clk[0]'
Slack : 3.826
TNS   : 0.000

Type  : Slow 1200mV 85C Model Removal 'u0|vga_text_mode_controller_0|clk_controller|altpll_component|auto_generated|pll1|clk[0]'
Slack : 5.769
TNS   : 0.000

Type  : Slow 1200mV 85C Model Minimum Pulse Width 'u0|vga_text_mode_controller_0|clk_controller|altpll_component|auto_generated|pll1|clk[0]'
Slack : 5.538
TNS   : 0.000

Type  : Slow 1200mV 85C Model Minimum Pulse Width 'MAX10_CLK1_50'
Slack : 9.549
TNS   : 0.000

Type  : Slow 1200mV 85C Model Minimum Pulse Width 'u0|sdram_pll|sd1|pll7|clk[0]'
Slack : 9.707
TNS   : 0.000

Type  : Slow 1200mV 85C Model Minimum Pulse Width 'altera_reserved_tck'
Slack : 49.544
TNS   : 0.000

Type  : Slow 1200mV 0C Model Setup 'u0|vga_text_mode_controller_0|clk_controller|altpll_component|auto_generated|pll1|clk[0]'
Slack : -18.863
TNS   : -221.559

Type  : Slow 1200mV 0C Model Setup 'MAX10_CLK1_50'
Slack : -8.628
TNS   : -270.216

Type  : Slow 1200mV 0C Model Setup 'u0|sdram_pll|sd1|pll7|clk[0]'
Slack : 10.074
TNS   : 0.000

Type  : Slow 1200mV 0C Model Setup 'altera_reserved_tck'
Slack : 43.151
TNS   : 0.000

Type  : Slow 1200mV 0C Model Hold 'MAX10_CLK1_50'
Slack : 0.212
TNS   : 0.000

Type  : Slow 1200mV 0C Model Hold 'altera_reserved_tck'
Slack : 0.287
TNS   : 0.000

Type  : Slow 1200mV 0C Model Hold 'u0|sdram_pll|sd1|pll7|clk[0]'
Slack : 0.306
TNS   : 0.000

Type  : Slow 1200mV 0C Model Hold 'u0|vga_text_mode_controller_0|clk_controller|altpll_component|auto_generated|pll1|clk[0]'
Slack : 1.306
TNS   : 0.000

Type  : Slow 1200mV 0C Model Recovery 'u0|vga_text_mode_controller_0|clk_controller|altpll_component|auto_generated|pll1|clk[0]'
Slack : -6.743
TNS   : -159.484

Type  : Slow 1200mV 0C Model Recovery 'u0|sdram_pll|sd1|pll7|clk[0]'
Slack : 14.593
TNS   : 0.000

Type  : Slow 1200mV 0C Model Recovery 'MAX10_CLK1_50'
Slack : 16.307
TNS   : 0.000

Type  : Slow 1200mV 0C Model Recovery 'altera_reserved_tck'
Slack : 48.212
TNS   : 0.000

Type  : Slow 1200mV 0C Model Removal 'altera_reserved_tck'
Slack : 0.794
TNS   : 0.000

Type  : Slow 1200mV 0C Model Removal 'MAX10_CLK1_50'
Slack : 2.382
TNS   : 0.000

Type  : Slow 1200mV 0C Model Removal 'u0|sdram_pll|sd1|pll7|clk[0]'
Slack : 3.438
TNS   : 0.000

Type  : Slow 1200mV 0C Model Removal 'u0|vga_text_mode_controller_0|clk_controller|altpll_component|auto_generated|pll1|clk[0]'
Slack : 5.017
TNS   : 0.000

Type  : Slow 1200mV 0C Model Minimum Pulse Width 'u0|vga_text_mode_controller_0|clk_controller|altpll_component|auto_generated|pll1|clk[0]'
Slack : 5.513
TNS   : 0.000

Type  : Slow 1200mV 0C Model Minimum Pulse Width 'MAX10_CLK1_50'
Slack : 9.575
TNS   : 0.000

Type  : Slow 1200mV 0C Model Minimum Pulse Width 'u0|sdram_pll|sd1|pll7|clk[0]'
Slack : 9.689
TNS   : 0.000

Type  : Slow 1200mV 0C Model Minimum Pulse Width 'altera_reserved_tck'
Slack : 49.557
TNS   : 0.000

Type  : Fast 1200mV 0C Model Setup 'u0|vga_text_mode_controller_0|clk_controller|altpll_component|auto_generated|pll1|clk[0]'
Slack : -9.326
TNS   : -109.767

Type  : Fast 1200mV 0C Model Setup 'MAX10_CLK1_50'
Slack : -3.980
TNS   : -124.975

Type  : Fast 1200mV 0C Model Setup 'u0|sdram_pll|sd1|pll7|clk[0]'
Slack : 15.200
TNS   : 0.000

Type  : Fast 1200mV 0C Model Setup 'altera_reserved_tck'
Slack : 47.006
TNS   : 0.000

Type  : Fast 1200mV 0C Model Hold 'MAX10_CLK1_50'
Slack : 0.067
TNS   : 0.000

Type  : Fast 1200mV 0C Model Hold 'altera_reserved_tck'
Slack : 0.108
TNS   : 0.000

Type  : Fast 1200mV 0C Model Hold 'u0|sdram_pll|sd1|pll7|clk[0]'
Slack : 0.148
TNS   : 0.000

Type  : Fast 1200mV 0C Model Hold 'u0|vga_text_mode_controller_0|clk_controller|altpll_component|auto_generated|pll1|clk[0]'
Slack : 0.569
TNS   : 0.000

Type  : Fast 1200mV 0C Model Recovery 'u0|vga_text_mode_controller_0|clk_controller|altpll_component|auto_generated|pll1|clk[0]'
Slack : -3.741
TNS   : -88.717

Type  : Fast 1200mV 0C Model Recovery 'u0|sdram_pll|sd1|pll7|clk[0]'
Slack : 17.165
TNS   : 0.000

Type  : Fast 1200mV 0C Model Recovery 'MAX10_CLK1_50'
Slack : 17.965
TNS   : 0.000

Type  : Fast 1200mV 0C Model Recovery 'altera_reserved_tck'
Slack : 49.351
TNS   : 0.000

Type  : Fast 1200mV 0C Model Removal 'altera_reserved_tck'
Slack : 0.390
TNS   : 0.000

Type  : Fast 1200mV 0C Model Removal 'MAX10_CLK1_50'
Slack : 1.319
TNS   : 0.000

Type  : Fast 1200mV 0C Model Removal 'u0|sdram_pll|sd1|pll7|clk[0]'
Slack : 1.818
TNS   : 0.000

Type  : Fast 1200mV 0C Model Removal 'u0|vga_text_mode_controller_0|clk_controller|altpll_component|auto_generated|pll1|clk[0]'
Slack : 2.761
TNS   : 0.000

Type  : Fast 1200mV 0C Model Minimum Pulse Width 'u0|vga_text_mode_controller_0|clk_controller|altpll_component|auto_generated|pll1|clk[0]'
Slack : 5.574
TNS   : 0.000

Type  : Fast 1200mV 0C Model Minimum Pulse Width 'MAX10_CLK1_50'
Slack : 9.400
TNS   : 0.000

Type  : Fast 1200mV 0C Model Minimum Pulse Width 'u0|sdram_pll|sd1|pll7|clk[0]'
Slack : 9.720
TNS   : 0.000

Type  : Fast 1200mV 0C Model Minimum Pulse Width 'altera_reserved_tck'
Slack : 49.392
TNS   : 0.000

------------------------------------------------------------
