------------------------------------------------------------
Timing Analyzer Summary
------------------------------------------------------------

Type  : Slow 1200mV 85C Model Setup 'u0|vga_text_mode_controller_0|clk_controller|altpll_component|auto_generated|pll1|clk[0]'
Slack : -20.804
TNS   : -242.567

Type  : Slow 1200mV 85C Model Setup 'MAX10_CLK1_50'
Slack : -8.899
TNS   : -276.755

Type  : Slow 1200mV 85C Model Setup 'u0|sdram_pll|sd1|pll7|clk[0]'
Slack : 9.157
TNS   : 0.000

Type  : Slow 1200mV 85C Model Setup 'altera_reserved_tck'
Slack : 41.344
TNS   : 0.000

Type  : Slow 1200mV 85C Model Hold 'MAX10_CLK1_50'
Slack : 0.164
TNS   : 0.000

Type  : Slow 1200mV 85C Model Hold 'altera_reserved_tck'
Slack : 0.340
TNS   : 0.000

Type  : Slow 1200mV 85C Model Hold 'u0|sdram_pll|sd1|pll7|clk[0]'
Slack : 0.341
TNS   : 0.000

Type  : Slow 1200mV 85C Model Hold 'u0|vga_text_mode_controller_0|clk_controller|altpll_component|auto_generated|pll1|clk[0]'
Slack : 1.040
TNS   : 0.000

Type  : Slow 1200mV 85C Model Recovery 'u0|vga_text_mode_controller_0|clk_controller|altpll_component|auto_generated|pll1|clk[0]'
Slack : -7.206
TNS   : -170.236

Type  : Slow 1200mV 85C Model Recovery 'u0|sdram_pll|sd1|pll7|clk[0]'
Slack : 12.966
TNS   : 0.000

Type  : Slow 1200mV 85C Model Recovery 'MAX10_CLK1_50'
Slack : 16.417
TNS   : 0.000

Type  : Slow 1200mV 85C Model Recovery 'altera_reserved_tck'
Slack : 47.607
TNS   : 0.000

Type  : Slow 1200mV 85C Model Removal 'altera_reserved_tck'
Slack : 1.162
TNS   : 0.000

Type  : Slow 1200mV 85C Model Removal 'MAX10_CLK1_50'
Slack : 2.098
TNS   : 0.000

Type  : Slow 1200mV 85C Model Removal 'u0|sdram_pll|sd1|pll7|clk[0]'
Slack : 4.770
TNS   : 0.000

Type  : Slow 1200mV 85C Model Removal 'u0|vga_text_mode_controller_0|clk_controller|altpll_component|auto_generated|pll1|clk[0]'
Slack : 5.270
TNS   : 0.000

Type  : Slow 1200mV 85C Model Minimum Pulse Width 'u0|vga_text_mode_controller_0|clk_controller|altpll_component|auto_generated|pll1|clk[0]'
Slack : 5.540
TNS   : 0.000

Type  : Slow 1200mV 85C Model Minimum Pulse Width 'MAX10_CLK1_50'
Slack : 9.539
TNS   : 0.000

Type  : Slow 1200mV 85C Model Minimum Pulse Width 'u0|sdram_pll|sd1|pll7|clk[0]'
Slack : 9.707
TNS   : 0.000

Type  : Slow 1200mV 85C Model Minimum Pulse Width 'altera_reserved_tck'
Slack : 49.536
TNS   : 0.000

Type  : Slow 1200mV 0C Model Setup 'u0|vga_text_mode_controller_0|clk_controller|altpll_component|auto_generated|pll1|clk[0]'
Slack : -18.855
TNS   : -219.961

Type  : Slow 1200mV 0C Model Setup 'MAX10_CLK1_50'
Slack : -8.511
TNS   : -264.811

Type  : Slow 1200mV 0C Model Setup 'u0|sdram_pll|sd1|pll7|clk[0]'
Slack : 9.851
TNS   : 0.000

Type  : Slow 1200mV 0C Model Setup 'altera_reserved_tck'
Slack : 41.999
TNS   : 0.000

Type  : Slow 1200mV 0C Model Hold 'MAX10_CLK1_50'
Slack : 0.163
TNS   : 0.000

Type  : Slow 1200mV 0C Model Hold 'altera_reserved_tck'
Slack : 0.305
TNS   : 0.000

Type  : Slow 1200mV 0C Model Hold 'u0|sdram_pll|sd1|pll7|clk[0]'
Slack : 0.306
TNS   : 0.000

Type  : Slow 1200mV 0C Model Hold 'u0|vga_text_mode_controller_0|clk_controller|altpll_component|auto_generated|pll1|clk[0]'
Slack : 0.951
TNS   : 0.000

Type  : Slow 1200mV 0C Model Recovery 'u0|vga_text_mode_controller_0|clk_controller|altpll_component|auto_generated|pll1|clk[0]'
Slack : -6.286
TNS   : -148.392

Type  : Slow 1200mV 0C Model Recovery 'u0|sdram_pll|sd1|pll7|clk[0]'
Slack : 13.651
TNS   : 0.000

Type  : Slow 1200mV 0C Model Recovery 'MAX10_CLK1_50'
Slack : 16.765
TNS   : 0.000

Type  : Slow 1200mV 0C Model Recovery 'altera_reserved_tck'
Slack : 47.791
TNS   : 0.000

Type  : Slow 1200mV 0C Model Removal 'altera_reserved_tck'
Slack : 1.056
TNS   : 0.000

Type  : Slow 1200mV 0C Model Removal 'MAX10_CLK1_50'
Slack : 1.900
TNS   : 0.000

Type  : Slow 1200mV 0C Model Removal 'u0|sdram_pll|sd1|pll7|clk[0]'
Slack : 4.348
TNS   : 0.000

Type  : Slow 1200mV 0C Model Removal 'u0|vga_text_mode_controller_0|clk_controller|altpll_component|auto_generated|pll1|clk[0]'
Slack : 4.563
TNS   : 0.000

Type  : Slow 1200mV 0C Model Minimum Pulse Width 'u0|vga_text_mode_controller_0|clk_controller|altpll_component|auto_generated|pll1|clk[0]'
Slack : 5.518
TNS   : 0.000

Type  : Slow 1200mV 0C Model Minimum Pulse Width 'MAX10_CLK1_50'
Slack : 9.568
TNS   : 0.000

Type  : Slow 1200mV 0C Model Minimum Pulse Width 'u0|sdram_pll|sd1|pll7|clk[0]'
Slack : 9.687
TNS   : 0.000

Type  : Slow 1200mV 0C Model Minimum Pulse Width 'altera_reserved_tck'
Slack : 49.553
TNS   : 0.000

Type  : Fast 1200mV 0C Model Setup 'u0|vga_text_mode_controller_0|clk_controller|altpll_component|auto_generated|pll1|clk[0]'
Slack : -9.232
TNS   : -107.959

Type  : Fast 1200mV 0C Model Setup 'MAX10_CLK1_50'
Slack : -4.165
TNS   : -126.631

Type  : Fast 1200mV 0C Model Setup 'u0|sdram_pll|sd1|pll7|clk[0]'
Slack : 15.081
TNS   : 0.000

Type  : Fast 1200mV 0C Model Setup 'altera_reserved_tck'
Slack : 46.415
TNS   : 0.000

Type  : Fast 1200mV 0C Model Hold 'MAX10_CLK1_50'
Slack : 0.052
TNS   : 0.000

Type  : Fast 1200mV 0C Model Hold 'altera_reserved_tck'
Slack : 0.147
TNS   : 0.000

Type  : Fast 1200mV 0C Model Hold 'u0|sdram_pll|sd1|pll7|clk[0]'
Slack : 0.148
TNS   : 0.000

Type  : Fast 1200mV 0C Model Hold 'u0|vga_text_mode_controller_0|clk_controller|altpll_component|auto_generated|pll1|clk[0]'
Slack : 0.393
TNS   : 0.000

Type  : Fast 1200mV 0C Model Recovery 'u0|vga_text_mode_controller_0|clk_controller|altpll_component|auto_generated|pll1|clk[0]'
Slack : -3.502
TNS   : -82.883

Type  : Fast 1200mV 0C Model Recovery 'u0|sdram_pll|sd1|pll7|clk[0]'
Slack : 16.631
TNS   : 0.000

Type  : Fast 1200mV 0C Model Recovery 'MAX10_CLK1_50'
Slack : 18.206
TNS   : 0.000

Type  : Fast 1200mV 0C Model Recovery 'altera_reserved_tck'
Slack : 49.139
TNS   : 0.000

Type  : Fast 1200mV 0C Model Removal 'altera_reserved_tck'
Slack : 0.493
TNS   : 0.000

Type  : Fast 1200mV 0C Model Removal 'MAX10_CLK1_50'
Slack : 1.085
TNS   : 0.000

Type  : Fast 1200mV 0C Model Removal 'u0|sdram_pll|sd1|pll7|clk[0]'
Slack : 2.249
TNS   : 0.000

Type  : Fast 1200mV 0C Model Removal 'u0|vga_text_mode_controller_0|clk_controller|altpll_component|auto_generated|pll1|clk[0]'
Slack : 2.546
TNS   : 0.000

Type  : Fast 1200mV 0C Model Minimum Pulse Width 'u0|vga_text_mode_controller_0|clk_controller|altpll_component|auto_generated|pll1|clk[0]'
Slack : 5.573
TNS   : 0.000

Type  : Fast 1200mV 0C Model Minimum Pulse Width 'MAX10_CLK1_50'
Slack : 9.399
TNS   : 0.000

Type  : Fast 1200mV 0C Model Minimum Pulse Width 'u0|sdram_pll|sd1|pll7|clk[0]'
Slack : 9.720
TNS   : 0.000

Type  : Fast 1200mV 0C Model Minimum Pulse Width 'altera_reserved_tck'
Slack : 49.387
TNS   : 0.000

------------------------------------------------------------
