------------------------------------------------------------
Timing Analyzer Summary
------------------------------------------------------------

Type  : Slow 1200mV 85C Model Setup 'clk_controller|altpll_component|auto_generated|pll1|clk[0]'
Slack : 1.263
TNS   : 0.000

Type  : Slow 1200mV 85C Model Setup 'MAX10_CLK1_50'
Slack : 14.908
TNS   : 0.000

Type  : Slow 1200mV 85C Model Setup 'altera_reserved_tck'
Slack : 43.887
TNS   : 0.000

Type  : Slow 1200mV 85C Model Hold 'MAX10_CLK1_50'
Slack : 0.252
TNS   : 0.000

Type  : Slow 1200mV 85C Model Hold 'altera_reserved_tck'
Slack : 0.288
TNS   : 0.000

Type  : Slow 1200mV 85C Model Hold 'clk_controller|altpll_component|auto_generated|pll1|clk[0]'
Slack : 0.646
TNS   : 0.000

Type  : Slow 1200mV 85C Model Recovery 'altera_reserved_tck'
Slack : 97.295
TNS   : 0.000

Type  : Slow 1200mV 85C Model Removal 'altera_reserved_tck'
Slack : 0.874
TNS   : 0.000

Type  : Slow 1200mV 85C Model Minimum Pulse Width 'clk_controller|altpll_component|auto_generated|pll1|clk[0]'
Slack : 2.815
TNS   : 0.000

Type  : Slow 1200mV 85C Model Minimum Pulse Width 'MAX10_CLK1_50'
Slack : 9.555
TNS   : 0.000

Type  : Slow 1200mV 85C Model Minimum Pulse Width 'altera_reserved_tck'
Slack : 49.543
TNS   : 0.000

Type  : Slow 1200mV 0C Model Setup 'clk_controller|altpll_component|auto_generated|pll1|clk[0]'
Slack : 1.666
TNS   : 0.000

Type  : Slow 1200mV 0C Model Setup 'MAX10_CLK1_50'
Slack : 15.312
TNS   : 0.000

Type  : Slow 1200mV 0C Model Setup 'altera_reserved_tck'
Slack : 44.356
TNS   : 0.000

Type  : Slow 1200mV 0C Model Hold 'MAX10_CLK1_50'
Slack : 0.252
TNS   : 0.000

Type  : Slow 1200mV 0C Model Hold 'altera_reserved_tck'
Slack : 0.285
TNS   : 0.000

Type  : Slow 1200mV 0C Model Hold 'clk_controller|altpll_component|auto_generated|pll1|clk[0]'
Slack : 0.599
TNS   : 0.000

Type  : Slow 1200mV 0C Model Recovery 'altera_reserved_tck'
Slack : 97.516
TNS   : 0.000

Type  : Slow 1200mV 0C Model Removal 'altera_reserved_tck'
Slack : 0.797
TNS   : 0.000

Type  : Slow 1200mV 0C Model Minimum Pulse Width 'clk_controller|altpll_component|auto_generated|pll1|clk[0]'
Slack : 2.803
TNS   : 0.000

Type  : Slow 1200mV 0C Model Minimum Pulse Width 'MAX10_CLK1_50'
Slack : 9.581
TNS   : 0.000

Type  : Slow 1200mV 0C Model Minimum Pulse Width 'altera_reserved_tck'
Slack : 49.560
TNS   : 0.000

Type  : Fast 1200mV 0C Model Setup 'clk_controller|altpll_component|auto_generated|pll1|clk[0]'
Slack : 4.159
TNS   : 0.000

Type  : Fast 1200mV 0C Model Setup 'MAX10_CLK1_50'
Slack : 17.785
TNS   : 0.000

Type  : Fast 1200mV 0C Model Setup 'altera_reserved_tck'
Slack : 47.533
TNS   : 0.000

Type  : Fast 1200mV 0C Model Hold 'MAX10_CLK1_50'
Slack : 0.092
TNS   : 0.000

Type  : Fast 1200mV 0C Model Hold 'altera_reserved_tck'
Slack : 0.107
TNS   : 0.000

Type  : Fast 1200mV 0C Model Hold 'clk_controller|altpll_component|auto_generated|pll1|clk[0]'
Slack : 0.252
TNS   : 0.000

Type  : Fast 1200mV 0C Model Recovery 'altera_reserved_tck'
Slack : 98.710
TNS   : 0.000

Type  : Fast 1200mV 0C Model Removal 'altera_reserved_tck'
Slack : 0.392
TNS   : 0.000

Type  : Fast 1200mV 0C Model Minimum Pulse Width 'clk_controller|altpll_component|auto_generated|pll1|clk[0]'
Slack : 2.862
TNS   : 0.000

Type  : Fast 1200mV 0C Model Minimum Pulse Width 'MAX10_CLK1_50'
Slack : 9.402
TNS   : 0.000

Type  : Fast 1200mV 0C Model Minimum Pulse Width 'altera_reserved_tck'
Slack : 49.388
TNS   : 0.000

------------------------------------------------------------
